{"screenModel":{"screenEntity":{"positionTo":"","itemListRows":[{"action":"","itemNumber":1007,"alphaSearch":"Water Ball","itemDescription":"Water Ball - Balls"},{"action":"","itemNumber":1008,"alphaSearch":"Frisbee","itemDescription":"Dog Frisbee - Pet Toys"},{"action":"","itemNumber":1005,"alphaSearch":"Pig Bank","itemDescription":"Pig Saving Bank - Ceramics"},{"action":"","itemNumber":1006,"alphaSearch":"Kids Guitar","itemDescription":"Kids Guitar - Musical Toys"},{"action":"","itemNumber":1004,"alphaSearch":"Poker","itemDescription":"Hot Poker Playing Cards - Cards"},{"action":"","itemNumber":1018,"alphaSearch":"Helicopter","itemDescription":"Toy Helicopter - Remote control toys"},{"action":"","itemNumber":1020,"alphaSearch":"Bumper Car","itemDescription":"Bumper Car - Electrical Toys"},{"action":"","itemNumber":1011,"alphaSearch":"Organ","itemDescription":"37 Key Electronic Organ - Plastic Toy"},{"action":"","itemNumber":1000,"alphaSearch":"Ball Pool","itemDescription":"Ball Pool - Novelty Toys"},{"action":"","itemNumber":1016,"alphaSearch":"Turtle","itemDescription":"Twilight Turtle - Musical Toys"},{"action":"","itemNumber":1013,"alphaSearch":"Toy Car","itemDescription":"Ride on Toy Car - Vehicle Toys"},{"action":"","itemNumber":1015,"alphaSearch":"Puzzle","itemDescription":"Wooden Puzzle - Wooden Toys"}],"errorMessage":null,"focusField":null},"screenEntityName":"ItemsList","paths":[{"entityName":"MainMenu","displayName":"Main Menu","current":false,"entityClass":"apps.inventory.screens.MainMenu"},{"entityName":"InventoryManagement","displayName":"Inventory Management","current":false,"entityClass":"apps.inventory.screens.InventoryManagement"},{"entityName":"ItemsList","displayName":"Items List","current":true,"entityClass":"apps.inventory.screens.ItemsList"}],"actions":[{"displayName":"Number Seq","alias":"numberSeq","actionName":"CombinedTerminalAction","position":null,"additionalKey":"SHIFT","action":{"additionalKey":"SHIFT","terminalAction":"org.openlegacy.terminal.actions.TerminalActions$F6"}}]}}